// Jest Snapshot v1, https://goo.gl/fbAQLP

exports[`ProductTile should show the component with custom title 1`] = `
<span
  className="productDescription custom-class"
>
  Custom Product
</span>
`;

exports[`ProductTile should show the component with product title 1`] = `
<div
  className="productCard undefined"
>
  <span
    className="productDescription undefined"
  >
    Coffee Mug Basic
  </span>
</div>
`;
